// Jest Snapshot v1, https://goo.gl/fbAQLP

exports[`Tets in <RestaurantApp /> should be shown correctly 1`] = `
<div>
  <h1>
    Hola mundeteee!!!
  </h1>
</div>
`;
